composing 孫悟空 (1138 facts) ...
  ok (3099 chars)
composing 豬八戒 (673 facts) ...
  ok (1562 chars)
composing 唐僧 (616 facts) ...
  degenerate/meta, retrying ...
  ok (4805 chars)
composing 沙僧 (398 facts) ...
  ok (2090 chars)
composing 觀音 (151 facts) ...
  ok (5286 chars)
composing 玉皇大帝 (71 facts) ...
  ok (4115 chars)
composing 如來 (67 facts) ...
  degenerate/meta, retrying ...
  ok (1949 chars)
composing 唐太宗 (50 facts) ...
  ok (2591 chars)
composing 托塔李天王 (46 facts) ...
  degenerate/meta, retrying ...
  still degenerate, deduped
  ok (2566 chars)
composing 木吒 (40 facts) ...
  ok (2436 chars)
composing 太上老君 (39 facts) ...
  degenerate/meta, retrying ...
  ok (1655 chars)
composing 紅孩兒 (35 facts) ...
  ok (1849 chars)
composing 白龍馬 (33 facts) ...
  ok (1807 chars)
composing 牛魔王 (32 facts) ...
  ok (2003 chars)
composing 哪吒 (32 facts) ...
  degenerate/meta, retrying ...
  still degenerate, deduped
  ok (2588 chars)
composing 高太公 (32 facts) ...
  ok (1595 chars)
composing 鎮元子 (31 facts) ...
  ok (1288 chars)
composing 太白金星 (30 facts) ...
  ok (1808 chars)
composing 朱紫國王 (29 facts) ...
  ok (1692 chars)
composing 賽太歲 (27 facts) ...
  ok (1510 chars)
composing 二郎神 (25 facts) ...
  degenerate/meta, retrying ...
  ok (1598 chars)
composing 陳清 (25 facts) ...
  ok (951 chars)
composing 鐵扇公主 (25 facts) ...
  ok (1239 chars)
composing 四值功曹 (24 facts) ...
  ok (1433 chars)
composing 閻王 (23 facts) ...
  ok (1225 chars)
composing 靈感大王 (22 facts) ...
  ok (1339 chars)
composing 黃袍怪 (21 facts) ...
  ok (1105 chars)
composing 東海龍王 (20 facts) ...
  ok (1688 chars)
composing 阿儺 (20 facts) ...
  ok (1061 chars)
composing 陳澄 (20 facts) ...
  ok (1195 chars)
composing 烏雞國王 (19 facts) ...
  ok (1312 chars)
composing 黃眉大王 (19 facts) ...
  ok (1470 chars)
composing 西海龍王 (18 facts) ...
  ok (1208 chars)
composing 壽星 (17 facts) ...
  ok (1179 chars)
composing 大鵬 (17 facts) ...
  ok (1112 chars)
composing 寇員外 (17 facts) ...
  ok (1082 chars)
composing 菩提祖師 (16 facts) ...
  ok (880 chars)
composing 九頭蟲 (16 facts) ...
  ok (1191 chars)
composing 北海龍王 (15 facts) ...
  ok (1228 chars)
composing 黑熊精 (15 facts) ...
  ok (1076 chars)
composing 虎力大仙 (15 facts) ...
  ok (904 chars)
composing 獨角兕大王 (15 facts) ...
  ok (1046 chars)
composing 劉伯欽 (14 facts) ...
  ok (994 chars)
composing 蟒蛇精 (14 facts) ...
  ok (818 chars)
composing 西梁女王 (13 facts) ...
  ok (1206 chars)
composing 蠍子精 (13 facts) ...
  degenerate/meta, retrying ...
  ok (856 chars)
composing 九靈元聖 (13 facts) ...
  degenerate/meta, retrying ...
  ok (882 chars)
composing 殷溫嬌 (12 facts) ...
  ok (874 chars)
composing 魏徵 (12 facts) ...
  ok (881 chars)
composing 烏巢禪師 (12 facts) ...
  ok (877 chars)
composing 白骨精 (12 facts) ...
  ok (776 chars)
composing 萬聖龍王 (12 facts) ...
  ok (840 chars)
composing 彌勒佛 (12 facts) ...
  ok (877 chars)
composing 南海龍王 (11 facts) ...
  ok (932 chars)
composing 王母娘娘 (11 facts) ...
  ok (918 chars)
composing 陳光蕊 (11 facts) ...
  ok (694 chars)
composing 黃風怪 (11 facts) ...
  ok (858 chars)
composing 金角大王 (11 facts) ...
  ok (804 chars)
composing 銀角大王 (11 facts) ...
  ok (921 chars)
composing 靈吉菩薩 (10 facts) ...
  ok (1066 chars)
composing 涇河龍王 (9 facts) ...
  ok (1147 chars)
composing 文殊菩薩 (9 facts) ...
  degenerate/meta, retrying ...
  ok (827 chars)
composing 鹿力大仙 (9 facts) ...
  ok (780 chars)
composing 昴日星官 (9 facts) ...
  ok (581 chars)
composing 混世魔王 (8 facts) ...
  ok (702 chars)
composing 羊力大仙 (8 facts) ...
  ok (670 chars)
composing 伽葉 (8 facts) ...
  degenerate/meta, retrying ...
  ok (662 chars)
composing 地藏王菩薩 (7 facts) ...
  ok (1047 chars)
composing 金頂大仙 (7 facts) ...
  ok (653 chars)
composing 六耳獼猴 (7 facts) ...
  ok (626 chars)
composing 玉面公主 (7 facts) ...
  ok (733 chars)
composing 巨靈神 (6 facts) ...
  ok (673 chars)
composing 獨角鬼王 (6 facts) ...
  ok (543 chars)
composing 赤腳大仙 (6 facts) ...
  ok (655 chars)
composing 青獅精 (6 facts) ...
  ok (447 chars)
composing 白鹿精 (6 facts) ...
  ok (518 chars)
composing 普賢菩薩 (5 facts) ...
  degenerate/meta, retrying ...
  ok (562 chars)
composing 鼉龍 (5 facts) ...
  ok (576 chars)
composing 燃燈古佛 (4 facts) ...
  degenerate/meta, retrying ...
  ok (897 chars)
composing 蕭瑀 (4 facts) ...
  ok (697 chars)
composing 多目怪 (4 facts) ...
  ok (562 chars)
composing 老鼠精 (4 facts) ...
  ok (626 chars)
composing 太乙救苦天尊 (4 facts) ...
  ok (411 chars)
composing 千里眼 (2 facts) ...
  ok (464 chars)
composing 順風耳 (2 facts) ...
  ok (391 chars)
composing 嫦娥 (2 facts) ...
  ok (352 chars)
composing 金池長老 (2 facts) ...
  ok (277 chars)
done=87 skipped=0
